// Vitest Snapshot v1, https://vitest.dev/guide/snapshot.html

exports[`Snapshot regression suite > ChatHistorySidebar > matches snapshot with 2 sessions, 1 active 1`] = `
<aside
  class="flex-1 flex flex-col h-full overflow-hidden bg-white"
>
  <div
    class="px-4 pt-4 pb-3 border-b border-slate-100 flex justify-between items-center"
  >
    <div>
      <h2
        class="text-sm font-semibold text-slate-800"
      >
        Chat History
      </h2>
      <p
        class="text-[10px] text-slate-500"
      >
        Your exploration sessions
      </p>
    </div>
    <div
      class="flex items-center gap-1"
    >
      <button
        class="text-slate-400 hover:text-slate-600 p-1"
        title="Refresh history"
        type="button"
      >
        <span
          aria-hidden="true"
          class="h-3 w-3"
          data-icon="FiClock"
        />
      </button>
      <button
        class="text-slate-400 hover:text-red-500 p-1 disabled:opacity-40"
        title="Clear all Explore chats"
        type="button"
      >
        <span
          aria-hidden="true"
          class="h-3 w-3"
          data-icon="FiTrash2"
        />
      </button>
    </div>
  </div>
  <div
    class="flex-1 overflow-y-auto"
  >
    <ul
      class="divide-y divide-slate-50"
    >
      <li>
        <div
          class="w-full px-4 py-3 hover:bg-slate-50 transition-colors group cursor-pointer border-l-2 border-transparent"
          role="button"
          tabindex="0"
        >
          <div
            class="flex items-start gap-2"
          >
            <span
              class="h-3 w-3 mt-0.5 text-slate-300 group-hover:text-slate-400"
              data-icon="FiMessageSquare"
            />
            <div
              class="flex-1 min-w-0 flex items-start justify-between gap-2"
            >
              <div
                class="min-w-0"
              >
                <div
                  class="text-xs font-medium truncate text-slate-700"
                >
                  Course advice
                </div>
                <div
                  class="text-[10px] text-slate-400 mt-0.5"
                >
                  11/14/2023
                   • 
                  11:26 AM
                </div>
              </div>
              <button
                aria-label="Delete session"
                class="shrink-0 p-1 text-slate-300 hover:text-red-500 hover:bg-red-50 rounded-md transition-colors disabled:opacity-40"
                type="button"
              >
                <span
                  class="h-3 w-3"
                  data-icon="FiTrash2"
                />
              </button>
            </div>
          </div>
        </div>
      </li>
      <li>
        <div
          class="w-full px-4 py-3 hover:bg-slate-50 transition-colors group cursor-pointer bg-blue-50/50 border-l-2 border-blue-500"
          role="button"
          tabindex="0"
        >
          <div
            class="flex items-start gap-2"
          >
            <span
              class="h-3 w-3 mt-0.5 text-blue-500"
              data-icon="FiMessageSquare"
            />
            <div
              class="flex-1 min-w-0 flex items-start justify-between gap-2"
            >
              <div
                class="min-w-0"
              >
                <div
                  class="text-xs font-medium truncate text-blue-700"
                >
                  Schedule help
                </div>
                <div
                  class="text-[10px] text-slate-400 mt-0.5"
                >
                  11/14/2023
                   • 
                  11:43 AM
                </div>
              </div>
              <button
                aria-label="Delete session"
                class="shrink-0 p-1 text-slate-300 hover:text-red-500 hover:bg-red-50 rounded-md transition-colors disabled:opacity-40"
                type="button"
              >
                <span
                  class="h-3 w-3"
                  data-icon="FiTrash2"
                />
              </button>
            </div>
          </div>
        </div>
      </li>
    </ul>
  </div>
</aside>
`;

exports[`Snapshot regression suite > DegreeProgressCard > matches snapshot with GPA 3.5, 60/120 credits, 50% complete 1`] = `
<div
  class="bg-surface rounded-2xl border border-border-subtle p-5 shadow-sm hover:shadow-md transition-all duration-300 group"
>
  <div
    class="flex flex-col sm:flex-row items-center gap-4"
  >
    <div
      class="relative flex-shrink-0"
    >
      <svg
        class="transform -rotate-90 transition-transform duration-300 group-hover:scale-105"
        height="120"
        width="120"
      >
        <circle
          cx="60"
          cy="60"
          fill="none"
          r="55"
          stroke="#e2e8f0"
          stroke-width="10"
        />
        <circle
          class="transition-all duration-1000 ease-out"
          cx="60"
          cy="60"
          fill="none"
          r="55"
          stroke="#3b82f6"
          stroke-dasharray="345.57519189487726"
          stroke-dashoffset="172.78759594743863"
          stroke-linecap="round"
          stroke-width="10"
          style="filter: drop-shadow(0 0 6px #3b82f640);"
        />
      </svg>
      <div
        class="absolute inset-0 flex flex-col items-center justify-center"
      >
        <span
          class="text-2xl font-bold transition-colors duration-300"
          style="color: rgb(59, 130, 246);"
        >
          50
          %
        </span>
        <span
          class="text-[10px] text-text-secondary font-medium"
        >
          Complete
        </span>
      </div>
    </div>
    <div
      class="flex-1 min-w-0 w-full sm:w-auto"
    >
      <h3
        class="text-sm font-semibold text-text-primary mb-2"
      >
        Degree Progress
      </h3>
      <div
        class="space-y-1.5"
      >
        <div
          class="flex items-center justify-between text-xs"
        >
          <span
            class="text-text-secondary"
          >
            Earned
          </span>
          <span
            class="font-medium text-emerald-600"
          >
            60.0
             cr
          </span>
        </div>
        <div
          class="flex items-center justify-between text-xs"
        >
          <span
            class="text-text-secondary"
          >
            In Progress
          </span>
          <span
            class="font-medium text-blue-600"
          >
            6.0
             cr
          </span>
        </div>
        <div
          class="flex items-center justify-between text-xs"
        >
          <span
            class="text-text-secondary"
          >
            Total Required
          </span>
          <span
            class="font-medium text-text-secondary"
          >
            120.0
             cr
          </span>
        </div>
      </div>
    </div>
  </div>
  <div
    class="mt-4 pt-3 border-t border-border-subtle"
  >
    <div
      aria-label="Degree progress: 55%"
      aria-valuemax="100"
      aria-valuemin="0"
      aria-valuenow="55"
      class="h-2 bg-surface-muted rounded-full overflow-hidden"
      role="progressbar"
    >
      <div
        class="h-full rounded-full transition-all duration-1000 ease-out"
        style="width: 55%; background: linear-gradient(90deg, rgb(59, 130, 246) 90.9090909090909%, rgb(147, 197, 253) 90.9090909090909%);"
      />
    </div>
    <div
      class="flex justify-between mt-1.5 text-[10px] text-text-secondary"
    >
      <span>
        0%
      </span>
      <span>
        50%
      </span>
      <span>
        100%
      </span>
    </div>
  </div>
  <div
    class="mt-3 pt-3 border-t border-border-subtle flex gap-2"
  >
    <button
      class="flex-1 text-xs text-text-secondary hover:text-text-primary hover:bg-surface-muted rounded-lg py-1.5 transition-colors duration-150"
      type="button"
    >
      Copy share link
    </button>
    <button
      class="flex-1 text-xs text-text-secondary hover:text-text-primary hover:bg-surface-muted rounded-lg py-1.5 transition-colors duration-150"
      type="button"
    >
      Export summary
    </button>
  </div>
</div>
`;

exports[`Snapshot regression suite > WeeklyCalendar > matches snapshot with 2 classes on fixed days/times 1`] = `
<div
  class="flex flex-col h-full min-h-0 bg-surface overflow-hidden relative"
>
  <div
    class="flex-1 overflow-auto relative"
  >
    <div
      class="min-w-[600px] flex flex-col"
    >
       
      <div
        class="flex border-b border-border-subtle sticky top-0 z-20 bg-surface shadow-sm"
      >
        <div
          class="w-16 shrink-0 bg-surface-muted border-r border-border-subtle sticky left-0 z-30"
        />
         
        <div
          class="flex-1 py-2 text-center border-r border-border-subtle last:border-r-0 bg-surface-muted"
        >
          <span
            class="text-sm font-semibold text-text-secondary"
          >
            Mon
          </span>
        </div>
        <div
          class="flex-1 py-2 text-center border-r border-border-subtle last:border-r-0 bg-surface-muted"
        >
          <span
            class="text-sm font-semibold text-text-secondary"
          >
            Tue
          </span>
        </div>
        <div
          class="flex-1 py-2 text-center border-r border-border-subtle last:border-r-0 bg-surface-muted"
        >
          <span
            class="text-sm font-semibold text-text-secondary"
          >
            Wed
          </span>
        </div>
        <div
          class="flex-1 py-2 text-center border-r border-border-subtle last:border-r-0 bg-surface-muted"
        >
          <span
            class="text-sm font-semibold text-text-secondary"
          >
            Thu
          </span>
        </div>
        <div
          class="flex-1 py-2 text-center border-r border-border-subtle last:border-r-0 bg-surface-muted"
        >
          <span
            class="text-sm font-semibold text-text-secondary"
          >
            Fri
          </span>
        </div>
      </div>
      <div
        class="flex"
        style="height: 1920px;"
      >
        <div
          class="w-16 shrink-0 border-r border-border-subtle bg-surface-muted select-none sticky left-0 z-10"
        >
          <div
            class="relative border-b border-border-subtle text-xs text-text-secondary text-right pr-2 pt-1 bg-surface-muted"
            style="height: 120px;"
          >
            7
             
            AM
          </div>
          <div
            class="relative border-b border-border-subtle text-xs text-text-secondary text-right pr-2 pt-1 bg-surface-muted"
            style="height: 120px;"
          >
            8
             
            AM
          </div>
          <div
            class="relative border-b border-border-subtle text-xs text-text-secondary text-right pr-2 pt-1 bg-surface-muted"
            style="height: 120px;"
          >
            9
             
            AM
          </div>
          <div
            class="relative border-b border-border-subtle text-xs text-text-secondary text-right pr-2 pt-1 bg-surface-muted"
            style="height: 120px;"
          >
            10
             
            AM
          </div>
          <div
            class="relative border-b border-border-subtle text-xs text-text-secondary text-right pr-2 pt-1 bg-surface-muted"
            style="height: 120px;"
          >
            11
             
            AM
          </div>
          <div
            class="relative border-b border-border-subtle text-xs text-text-secondary text-right pr-2 pt-1 bg-surface-muted"
            style="height: 120px;"
          >
            12
             
            PM
          </div>
          <div
            class="relative border-b border-border-subtle text-xs text-text-secondary text-right pr-2 pt-1 bg-surface-muted"
            style="height: 120px;"
          >
            1
             
            PM
          </div>
          <div
            class="relative border-b border-border-subtle text-xs text-text-secondary text-right pr-2 pt-1 bg-surface-muted"
            style="height: 120px;"
          >
            2
             
            PM
          </div>
          <div
            class="relative border-b border-border-subtle text-xs text-text-secondary text-right pr-2 pt-1 bg-surface-muted"
            style="height: 120px;"
          >
            3
             
            PM
          </div>
          <div
            class="relative border-b border-border-subtle text-xs text-text-secondary text-right pr-2 pt-1 bg-surface-muted"
            style="height: 120px;"
          >
            4
             
            PM
          </div>
          <div
            class="relative border-b border-border-subtle text-xs text-text-secondary text-right pr-2 pt-1 bg-surface-muted"
            style="height: 120px;"
          >
            5
             
            PM
          </div>
          <div
            class="relative border-b border-border-subtle text-xs text-text-secondary text-right pr-2 pt-1 bg-surface-muted"
            style="height: 120px;"
          >
            6
             
            PM
          </div>
          <div
            class="relative border-b border-border-subtle text-xs text-text-secondary text-right pr-2 pt-1 bg-surface-muted"
            style="height: 120px;"
          >
            7
             
            PM
          </div>
          <div
            class="relative border-b border-border-subtle text-xs text-text-secondary text-right pr-2 pt-1 bg-surface-muted"
            style="height: 120px;"
          >
            8
             
            PM
          </div>
          <div
            class="relative border-b border-border-subtle text-xs text-text-secondary text-right pr-2 pt-1 bg-surface-muted"
            style="height: 120px;"
          >
            9
             
            PM
          </div>
          <div
            class="relative border-b border-border-subtle text-xs text-text-secondary text-right pr-2 pt-1 bg-surface-muted"
            style="height: 120px;"
          >
            10
             
            PM
          </div>
        </div>
        <div
          class="flex-1 relative border-r border-border-subtle last:border-r-0 min-w-[100px]"
        >
          <div
            aria-label="Add class at Monday 7 AM"
            class="border-b border-border-subtle focus:outline-none focus-visible:ring-2 focus-visible:ring-inset focus-visible:ring-blue-400"
            data-slot-day="M"
            data-slot-hour="7"
            role="button"
            style="height: 120px;"
            tabindex="0"
          />
          <div
            aria-label="Add class at Monday 8 AM"
            class="border-b border-border-subtle focus:outline-none focus-visible:ring-2 focus-visible:ring-inset focus-visible:ring-blue-400"
            data-slot-day="M"
            data-slot-hour="8"
            role="button"
            style="height: 120px;"
            tabindex="0"
          />
          <div
            aria-label="Add class at Monday 9 AM"
            class="border-b border-border-subtle focus:outline-none focus-visible:ring-2 focus-visible:ring-inset focus-visible:ring-blue-400"
            data-slot-day="M"
            data-slot-hour="9"
            role="button"
            style="height: 120px;"
            tabindex="0"
          />
          <div
            aria-label="Add class at Monday 10 AM"
            class="border-b border-border-subtle focus:outline-none focus-visible:ring-2 focus-visible:ring-inset focus-visible:ring-blue-400"
            data-slot-day="M"
            data-slot-hour="10"
            role="button"
            style="height: 120px;"
            tabindex="0"
          />
          <div
            aria-label="Add class at Monday 11 AM"
            class="border-b border-border-subtle focus:outline-none focus-visible:ring-2 focus-visible:ring-inset focus-visible:ring-blue-400"
            data-slot-day="M"
            data-slot-hour="11"
            role="button"
            style="height: 120px;"
            tabindex="0"
          />
          <div
            aria-label="Add class at Monday 12 PM"
            class="border-b border-border-subtle focus:outline-none focus-visible:ring-2 focus-visible:ring-inset focus-visible:ring-blue-400"
            data-slot-day="M"
            data-slot-hour="12"
            role="button"
            style="height: 120px;"
            tabindex="0"
          />
          <div
            aria-label="Add class at Monday 1 PM"
            class="border-b border-border-subtle focus:outline-none focus-visible:ring-2 focus-visible:ring-inset focus-visible:ring-blue-400"
            data-slot-day="M"
            data-slot-hour="13"
            role="button"
            style="height: 120px;"
            tabindex="0"
          />
          <div
            aria-label="Add class at Monday 2 PM"
            class="border-b border-border-subtle focus:outline-none focus-visible:ring-2 focus-visible:ring-inset focus-visible:ring-blue-400"
            data-slot-day="M"
            data-slot-hour="14"
            role="button"
            style="height: 120px;"
            tabindex="0"
          />
          <div
            aria-label="Add class at Monday 3 PM"
            class="border-b border-border-subtle focus:outline-none focus-visible:ring-2 focus-visible:ring-inset focus-visible:ring-blue-400"
            data-slot-day="M"
            data-slot-hour="15"
            role="button"
            style="height: 120px;"
            tabindex="0"
          />
          <div
            aria-label="Add class at Monday 4 PM"
            class="border-b border-border-subtle focus:outline-none focus-visible:ring-2 focus-visible:ring-inset focus-visible:ring-blue-400"
            data-slot-day="M"
            data-slot-hour="16"
            role="button"
            style="height: 120px;"
            tabindex="0"
          />
          <div
            aria-label="Add class at Monday 5 PM"
            class="border-b border-border-subtle focus:outline-none focus-visible:ring-2 focus-visible:ring-inset focus-visible:ring-blue-400"
            data-slot-day="M"
            data-slot-hour="17"
            role="button"
            style="height: 120px;"
            tabindex="0"
          />
          <div
            aria-label="Add class at Monday 6 PM"
            class="border-b border-border-subtle focus:outline-none focus-visible:ring-2 focus-visible:ring-inset focus-visible:ring-blue-400"
            data-slot-day="M"
            data-slot-hour="18"
            role="button"
            style="height: 120px;"
            tabindex="0"
          />
          <div
            aria-label="Add class at Monday 7 PM"
            class="border-b border-border-subtle focus:outline-none focus-visible:ring-2 focus-visible:ring-inset focus-visible:ring-blue-400"
            data-slot-day="M"
            data-slot-hour="19"
            role="button"
            style="height: 120px;"
            tabindex="0"
          />
          <div
            aria-label="Add class at Monday 8 PM"
            class="border-b border-border-subtle focus:outline-none focus-visible:ring-2 focus-visible:ring-inset focus-visible:ring-blue-400"
            data-slot-day="M"
            data-slot-hour="20"
            role="button"
            style="height: 120px;"
            tabindex="0"
          />
          <div
            aria-label="Add class at Monday 9 PM"
            class="border-b border-border-subtle focus:outline-none focus-visible:ring-2 focus-visible:ring-inset focus-visible:ring-blue-400"
            data-slot-day="M"
            data-slot-hour="21"
            role="button"
            style="height: 120px;"
            tabindex="0"
          />
          <div
            aria-label="Add class at Monday 10 PM"
            class="border-b border-border-subtle focus:outline-none focus-visible:ring-2 focus-visible:ring-inset focus-visible:ring-blue-400"
            data-slot-day="M"
            data-slot-hour="22"
            role="button"
            style="height: 120px;"
            tabindex="0"
          />
          <div
            class="absolute inset-x-1 rounded-lg border shadow-sm p-2 overflow-hidden hover:z-10 hover:shadow-md transition-all group select-none cursor-pointer focus:outline-none focus-visible:ring-2 focus-visible:ring-blue-500"
            style="top: 240px; height: 100px; background-color: rgb(59, 130, 246); border-color: rgb(59, 130, 246);"
            tabindex="0"
          >
            <button
              aria-label="Remove CS 101-01 from schedule"
              class="absolute top-1 right-1 opacity-0 group-hover:opacity-100 p-1 hover:bg-black/5 rounded-full text-slate-600 transition-all cursor-pointer z-20"
            >
              <span
                class="w-3.5 h-3.5"
                data-icon="FiX"
              />
            </button>
            <div
              class="flex flex-col justify-center items-center h-full gap-0.5 text-center min-w-0 overflow-hidden"
            >
              <span
                class="font-bold text-sm leading-tight truncate w-full text-slate-900"
              >
                CS 101-01
              </span>
              <div
                class="text-xs font-medium leading-tight truncate w-full text-slate-700"
              >
                9:00 AM
                 - 
                9:50 AM
              </div>
              <div
                class="text-xs truncate w-full px-1 text-slate-600"
              >
                SCI 200
              </div>
            </div>
          </div>
        </div>
        <div
          class="flex-1 relative border-r border-border-subtle last:border-r-0 min-w-[100px]"
        >
          <div
            aria-label="Add class at Tuesday 7 AM"
            class="border-b border-border-subtle focus:outline-none focus-visible:ring-2 focus-visible:ring-inset focus-visible:ring-blue-400"
            data-slot-day="Tu"
            data-slot-hour="7"
            role="button"
            style="height: 120px;"
            tabindex="0"
          />
          <div
            aria-label="Add class at Tuesday 8 AM"
            class="border-b border-border-subtle focus:outline-none focus-visible:ring-2 focus-visible:ring-inset focus-visible:ring-blue-400"
            data-slot-day="Tu"
            data-slot-hour="8"
            role="button"
            style="height: 120px;"
            tabindex="0"
          />
          <div
            aria-label="Add class at Tuesday 9 AM"
            class="border-b border-border-subtle focus:outline-none focus-visible:ring-2 focus-visible:ring-inset focus-visible:ring-blue-400"
            data-slot-day="Tu"
            data-slot-hour="9"
            role="button"
            style="height: 120px;"
            tabindex="0"
          />
          <div
            aria-label="Add class at Tuesday 10 AM"
            class="border-b border-border-subtle focus:outline-none focus-visible:ring-2 focus-visible:ring-inset focus-visible:ring-blue-400"
            data-slot-day="Tu"
            data-slot-hour="10"
            role="button"
            style="height: 120px;"
            tabindex="0"
          />
          <div
            aria-label="Add class at Tuesday 11 AM"
            class="border-b border-border-subtle focus:outline-none focus-visible:ring-2 focus-visible:ring-inset focus-visible:ring-blue-400"
            data-slot-day="Tu"
            data-slot-hour="11"
            role="button"
            style="height: 120px;"
            tabindex="0"
          />
          <div
            aria-label="Add class at Tuesday 12 PM"
            class="border-b border-border-subtle focus:outline-none focus-visible:ring-2 focus-visible:ring-inset focus-visible:ring-blue-400"
            data-slot-day="Tu"
            data-slot-hour="12"
            role="button"
            style="height: 120px;"
            tabindex="0"
          />
          <div
            aria-label="Add class at Tuesday 1 PM"
            class="border-b border-border-subtle focus:outline-none focus-visible:ring-2 focus-visible:ring-inset focus-visible:ring-blue-400"
            data-slot-day="Tu"
            data-slot-hour="13"
            role="button"
            style="height: 120px;"
            tabindex="0"
          />
          <div
            aria-label="Add class at Tuesday 2 PM"
            class="border-b border-border-subtle focus:outline-none focus-visible:ring-2 focus-visible:ring-inset focus-visible:ring-blue-400"
            data-slot-day="Tu"
            data-slot-hour="14"
            role="button"
            style="height: 120px;"
            tabindex="0"
          />
          <div
            aria-label="Add class at Tuesday 3 PM"
            class="border-b border-border-subtle focus:outline-none focus-visible:ring-2 focus-visible:ring-inset focus-visible:ring-blue-400"
            data-slot-day="Tu"
            data-slot-hour="15"
            role="button"
            style="height: 120px;"
            tabindex="0"
          />
          <div
            aria-label="Add class at Tuesday 4 PM"
            class="border-b border-border-subtle focus:outline-none focus-visible:ring-2 focus-visible:ring-inset focus-visible:ring-blue-400"
            data-slot-day="Tu"
            data-slot-hour="16"
            role="button"
            style="height: 120px;"
            tabindex="0"
          />
          <div
            aria-label="Add class at Tuesday 5 PM"
            class="border-b border-border-subtle focus:outline-none focus-visible:ring-2 focus-visible:ring-inset focus-visible:ring-blue-400"
            data-slot-day="Tu"
            data-slot-hour="17"
            role="button"
            style="height: 120px;"
            tabindex="0"
          />
          <div
            aria-label="Add class at Tuesday 6 PM"
            class="border-b border-border-subtle focus:outline-none focus-visible:ring-2 focus-visible:ring-inset focus-visible:ring-blue-400"
            data-slot-day="Tu"
            data-slot-hour="18"
            role="button"
            style="height: 120px;"
            tabindex="0"
          />
          <div
            aria-label="Add class at Tuesday 7 PM"
            class="border-b border-border-subtle focus:outline-none focus-visible:ring-2 focus-visible:ring-inset focus-visible:ring-blue-400"
            data-slot-day="Tu"
            data-slot-hour="19"
            role="button"
            style="height: 120px;"
            tabindex="0"
          />
          <div
            aria-label="Add class at Tuesday 8 PM"
            class="border-b border-border-subtle focus:outline-none focus-visible:ring-2 focus-visible:ring-inset focus-visible:ring-blue-400"
            data-slot-day="Tu"
            data-slot-hour="20"
            role="button"
            style="height: 120px;"
            tabindex="0"
          />
          <div
            aria-label="Add class at Tuesday 9 PM"
            class="border-b border-border-subtle focus:outline-none focus-visible:ring-2 focus-visible:ring-inset focus-visible:ring-blue-400"
            data-slot-day="Tu"
            data-slot-hour="21"
            role="button"
            style="height: 120px;"
            tabindex="0"
          />
          <div
            aria-label="Add class at Tuesday 10 PM"
            class="border-b border-border-subtle focus:outline-none focus-visible:ring-2 focus-visible:ring-inset focus-visible:ring-blue-400"
            data-slot-day="Tu"
            data-slot-hour="22"
            role="button"
            style="height: 120px;"
            tabindex="0"
          />
          <div
            class="absolute inset-x-1 rounded-lg border shadow-sm p-2 overflow-hidden hover:z-10 hover:shadow-md transition-all group select-none cursor-pointer focus:outline-none focus-visible:ring-2 focus-visible:ring-blue-500"
            style="top: 720px; height: 150px; background-color: rgb(239, 68, 68); border-color: rgb(239, 68, 68);"
            tabindex="0"
          >
            <button
              aria-label="Remove MATH 200-02 from schedule"
              class="absolute top-1 right-1 opacity-0 group-hover:opacity-100 p-1 hover:bg-black/5 rounded-full text-slate-600 transition-all cursor-pointer z-20"
            >
              <span
                class="w-3.5 h-3.5"
                data-icon="FiX"
              />
            </button>
            <div
              class="flex flex-col justify-center items-center h-full gap-0.5 text-center min-w-0 overflow-hidden"
            >
              <span
                class="font-bold text-sm leading-tight truncate w-full text-slate-900"
              >
                MATH 200-02
              </span>
              <div
                class="text-xs font-medium leading-tight truncate w-full text-slate-700"
              >
                1:00 PM
                 - 
                2:15 PM
              </div>
              <div
                class="text-xs truncate w-full px-1 text-slate-600"
              >
                MATH 110
              </div>
            </div>
          </div>
        </div>
        <div
          class="flex-1 relative border-r border-border-subtle last:border-r-0 min-w-[100px]"
        >
          <div
            aria-label="Add class at Wednesday 7 AM"
            class="border-b border-border-subtle focus:outline-none focus-visible:ring-2 focus-visible:ring-inset focus-visible:ring-blue-400"
            data-slot-day="W"
            data-slot-hour="7"
            role="button"
            style="height: 120px;"
            tabindex="0"
          />
          <div
            aria-label="Add class at Wednesday 8 AM"
            class="border-b border-border-subtle focus:outline-none focus-visible:ring-2 focus-visible:ring-inset focus-visible:ring-blue-400"
            data-slot-day="W"
            data-slot-hour="8"
            role="button"
            style="height: 120px;"
            tabindex="0"
          />
          <div
            aria-label="Add class at Wednesday 9 AM"
            class="border-b border-border-subtle focus:outline-none focus-visible:ring-2 focus-visible:ring-inset focus-visible:ring-blue-400"
            data-slot-day="W"
            data-slot-hour="9"
            role="button"
            style="height: 120px;"
            tabindex="0"
          />
          <div
            aria-label="Add class at Wednesday 10 AM"
            class="border-b border-border-subtle focus:outline-none focus-visible:ring-2 focus-visible:ring-inset focus-visible:ring-blue-400"
            data-slot-day="W"
            data-slot-hour="10"
            role="button"
            style="height: 120px;"
            tabindex="0"
          />
          <div
            aria-label="Add class at Wednesday 11 AM"
            class="border-b border-border-subtle focus:outline-none focus-visible:ring-2 focus-visible:ring-inset focus-visible:ring-blue-400"
            data-slot-day="W"
            data-slot-hour="11"
            role="button"
            style="height: 120px;"
            tabindex="0"
          />
          <div
            aria-label="Add class at Wednesday 12 PM"
            class="border-b border-border-subtle focus:outline-none focus-visible:ring-2 focus-visible:ring-inset focus-visible:ring-blue-400"
            data-slot-day="W"
            data-slot-hour="12"
            role="button"
            style="height: 120px;"
            tabindex="0"
          />
          <div
            aria-label="Add class at Wednesday 1 PM"
            class="border-b border-border-subtle focus:outline-none focus-visible:ring-2 focus-visible:ring-inset focus-visible:ring-blue-400"
            data-slot-day="W"
            data-slot-hour="13"
            role="button"
            style="height: 120px;"
            tabindex="0"
          />
          <div
            aria-label="Add class at Wednesday 2 PM"
            class="border-b border-border-subtle focus:outline-none focus-visible:ring-2 focus-visible:ring-inset focus-visible:ring-blue-400"
            data-slot-day="W"
            data-slot-hour="14"
            role="button"
            style="height: 120px;"
            tabindex="0"
          />
          <div
            aria-label="Add class at Wednesday 3 PM"
            class="border-b border-border-subtle focus:outline-none focus-visible:ring-2 focus-visible:ring-inset focus-visible:ring-blue-400"
            data-slot-day="W"
            data-slot-hour="15"
            role="button"
            style="height: 120px;"
            tabindex="0"
          />
          <div
            aria-label="Add class at Wednesday 4 PM"
            class="border-b border-border-subtle focus:outline-none focus-visible:ring-2 focus-visible:ring-inset focus-visible:ring-blue-400"
            data-slot-day="W"
            data-slot-hour="16"
            role="button"
            style="height: 120px;"
            tabindex="0"
          />
          <div
            aria-label="Add class at Wednesday 5 PM"
            class="border-b border-border-subtle focus:outline-none focus-visible:ring-2 focus-visible:ring-inset focus-visible:ring-blue-400"
            data-slot-day="W"
            data-slot-hour="17"
            role="button"
            style="height: 120px;"
            tabindex="0"
          />
          <div
            aria-label="Add class at Wednesday 6 PM"
            class="border-b border-border-subtle focus:outline-none focus-visible:ring-2 focus-visible:ring-inset focus-visible:ring-blue-400"
            data-slot-day="W"
            data-slot-hour="18"
            role="button"
            style="height: 120px;"
            tabindex="0"
          />
          <div
            aria-label="Add class at Wednesday 7 PM"
            class="border-b border-border-subtle focus:outline-none focus-visible:ring-2 focus-visible:ring-inset focus-visible:ring-blue-400"
            data-slot-day="W"
            data-slot-hour="19"
            role="button"
            style="height: 120px;"
            tabindex="0"
          />
          <div
            aria-label="Add class at Wednesday 8 PM"
            class="border-b border-border-subtle focus:outline-none focus-visible:ring-2 focus-visible:ring-inset focus-visible:ring-blue-400"
            data-slot-day="W"
            data-slot-hour="20"
            role="button"
            style="height: 120px;"
            tabindex="0"
          />
          <div
            aria-label="Add class at Wednesday 9 PM"
            class="border-b border-border-subtle focus:outline-none focus-visible:ring-2 focus-visible:ring-inset focus-visible:ring-blue-400"
            data-slot-day="W"
            data-slot-hour="21"
            role="button"
            style="height: 120px;"
            tabindex="0"
          />
          <div
            aria-label="Add class at Wednesday 10 PM"
            class="border-b border-border-subtle focus:outline-none focus-visible:ring-2 focus-visible:ring-inset focus-visible:ring-blue-400"
            data-slot-day="W"
            data-slot-hour="22"
            role="button"
            style="height: 120px;"
            tabindex="0"
          />
          <div
            class="absolute inset-x-1 rounded-lg border shadow-sm p-2 overflow-hidden hover:z-10 hover:shadow-md transition-all group select-none cursor-pointer focus:outline-none focus-visible:ring-2 focus-visible:ring-blue-500"
            style="top: 240px; height: 100px; background-color: rgb(59, 130, 246); border-color: rgb(59, 130, 246);"
            tabindex="0"
          >
            <button
              aria-label="Remove CS 101-01 from schedule"
              class="absolute top-1 right-1 opacity-0 group-hover:opacity-100 p-1 hover:bg-black/5 rounded-full text-slate-600 transition-all cursor-pointer z-20"
            >
              <span
                class="w-3.5 h-3.5"
                data-icon="FiX"
              />
            </button>
            <div
              class="flex flex-col justify-center items-center h-full gap-0.5 text-center min-w-0 overflow-hidden"
            >
              <span
                class="font-bold text-sm leading-tight truncate w-full text-slate-900"
              >
                CS 101-01
              </span>
              <div
                class="text-xs font-medium leading-tight truncate w-full text-slate-700"
              >
                9:00 AM
                 - 
                9:50 AM
              </div>
              <div
                class="text-xs truncate w-full px-1 text-slate-600"
              >
                SCI 200
              </div>
            </div>
          </div>
        </div>
        <div
          class="flex-1 relative border-r border-border-subtle last:border-r-0 min-w-[100px]"
        >
          <div
            aria-label="Add class at Thursday 7 AM"
            class="border-b border-border-subtle focus:outline-none focus-visible:ring-2 focus-visible:ring-inset focus-visible:ring-blue-400"
            data-slot-day="Th"
            data-slot-hour="7"
            role="button"
            style="height: 120px;"
            tabindex="0"
          />
          <div
            aria-label="Add class at Thursday 8 AM"
            class="border-b border-border-subtle focus:outline-none focus-visible:ring-2 focus-visible:ring-inset focus-visible:ring-blue-400"
            data-slot-day="Th"
            data-slot-hour="8"
            role="button"
            style="height: 120px;"
            tabindex="0"
          />
          <div
            aria-label="Add class at Thursday 9 AM"
            class="border-b border-border-subtle focus:outline-none focus-visible:ring-2 focus-visible:ring-inset focus-visible:ring-blue-400"
            data-slot-day="Th"
            data-slot-hour="9"
            role="button"
            style="height: 120px;"
            tabindex="0"
          />
          <div
            aria-label="Add class at Thursday 10 AM"
            class="border-b border-border-subtle focus:outline-none focus-visible:ring-2 focus-visible:ring-inset focus-visible:ring-blue-400"
            data-slot-day="Th"
            data-slot-hour="10"
            role="button"
            style="height: 120px;"
            tabindex="0"
          />
          <div
            aria-label="Add class at Thursday 11 AM"
            class="border-b border-border-subtle focus:outline-none focus-visible:ring-2 focus-visible:ring-inset focus-visible:ring-blue-400"
            data-slot-day="Th"
            data-slot-hour="11"
            role="button"
            style="height: 120px;"
            tabindex="0"
          />
          <div
            aria-label="Add class at Thursday 12 PM"
            class="border-b border-border-subtle focus:outline-none focus-visible:ring-2 focus-visible:ring-inset focus-visible:ring-blue-400"
            data-slot-day="Th"
            data-slot-hour="12"
            role="button"
            style="height: 120px;"
            tabindex="0"
          />
          <div
            aria-label="Add class at Thursday 1 PM"
            class="border-b border-border-subtle focus:outline-none focus-visible:ring-2 focus-visible:ring-inset focus-visible:ring-blue-400"
            data-slot-day="Th"
            data-slot-hour="13"
            role="button"
            style="height: 120px;"
            tabindex="0"
          />
          <div
            aria-label="Add class at Thursday 2 PM"
            class="border-b border-border-subtle focus:outline-none focus-visible:ring-2 focus-visible:ring-inset focus-visible:ring-blue-400"
            data-slot-day="Th"
            data-slot-hour="14"
            role="button"
            style="height: 120px;"
            tabindex="0"
          />
          <div
            aria-label="Add class at Thursday 3 PM"
            class="border-b border-border-subtle focus:outline-none focus-visible:ring-2 focus-visible:ring-inset focus-visible:ring-blue-400"
            data-slot-day="Th"
            data-slot-hour="15"
            role="button"
            style="height: 120px;"
            tabindex="0"
          />
          <div
            aria-label="Add class at Thursday 4 PM"
            class="border-b border-border-subtle focus:outline-none focus-visible:ring-2 focus-visible:ring-inset focus-visible:ring-blue-400"
            data-slot-day="Th"
            data-slot-hour="16"
            role="button"
            style="height: 120px;"
            tabindex="0"
          />
          <div
            aria-label="Add class at Thursday 5 PM"
            class="border-b border-border-subtle focus:outline-none focus-visible:ring-2 focus-visible:ring-inset focus-visible:ring-blue-400"
            data-slot-day="Th"
            data-slot-hour="17"
            role="button"
            style="height: 120px;"
            tabindex="0"
          />
          <div
            aria-label="Add class at Thursday 6 PM"
            class="border-b border-border-subtle focus:outline-none focus-visible:ring-2 focus-visible:ring-inset focus-visible:ring-blue-400"
            data-slot-day="Th"
            data-slot-hour="18"
            role="button"
            style="height: 120px;"
            tabindex="0"
          />
          <div
            aria-label="Add class at Thursday 7 PM"
            class="border-b border-border-subtle focus:outline-none focus-visible:ring-2 focus-visible:ring-inset focus-visible:ring-blue-400"
            data-slot-day="Th"
            data-slot-hour="19"
            role="button"
            style="height: 120px;"
            tabindex="0"
          />
          <div
            aria-label="Add class at Thursday 8 PM"
            class="border-b border-border-subtle focus:outline-none focus-visible:ring-2 focus-visible:ring-inset focus-visible:ring-blue-400"
            data-slot-day="Th"
            data-slot-hour="20"
            role="button"
            style="height: 120px;"
            tabindex="0"
          />
          <div
            aria-label="Add class at Thursday 9 PM"
            class="border-b border-border-subtle focus:outline-none focus-visible:ring-2 focus-visible:ring-inset focus-visible:ring-blue-400"
            data-slot-day="Th"
            data-slot-hour="21"
            role="button"
            style="height: 120px;"
            tabindex="0"
          />
          <div
            aria-label="Add class at Thursday 10 PM"
            class="border-b border-border-subtle focus:outline-none focus-visible:ring-2 focus-visible:ring-inset focus-visible:ring-blue-400"
            data-slot-day="Th"
            data-slot-hour="22"
            role="button"
            style="height: 120px;"
            tabindex="0"
          />
          <div
            class="absolute inset-x-1 rounded-lg border shadow-sm p-2 overflow-hidden hover:z-10 hover:shadow-md transition-all group select-none cursor-pointer focus:outline-none focus-visible:ring-2 focus-visible:ring-blue-500"
            style="top: 720px; height: 150px; background-color: rgb(239, 68, 68); border-color: rgb(239, 68, 68);"
            tabindex="0"
          >
            <button
              aria-label="Remove MATH 200-02 from schedule"
              class="absolute top-1 right-1 opacity-0 group-hover:opacity-100 p-1 hover:bg-black/5 rounded-full text-slate-600 transition-all cursor-pointer z-20"
            >
              <span
                class="w-3.5 h-3.5"
                data-icon="FiX"
              />
            </button>
            <div
              class="flex flex-col justify-center items-center h-full gap-0.5 text-center min-w-0 overflow-hidden"
            >
              <span
                class="font-bold text-sm leading-tight truncate w-full text-slate-900"
              >
                MATH 200-02
              </span>
              <div
                class="text-xs font-medium leading-tight truncate w-full text-slate-700"
              >
                1:00 PM
                 - 
                2:15 PM
              </div>
              <div
                class="text-xs truncate w-full px-1 text-slate-600"
              >
                MATH 110
              </div>
            </div>
          </div>
        </div>
        <div
          class="flex-1 relative border-r border-border-subtle last:border-r-0 min-w-[100px]"
        >
          <div
            aria-label="Add class at Friday 7 AM"
            class="border-b border-border-subtle focus:outline-none focus-visible:ring-2 focus-visible:ring-inset focus-visible:ring-blue-400"
            data-slot-day="F"
            data-slot-hour="7"
            role="button"
            style="height: 120px;"
            tabindex="0"
          />
          <div
            aria-label="Add class at Friday 8 AM"
            class="border-b border-border-subtle focus:outline-none focus-visible:ring-2 focus-visible:ring-inset focus-visible:ring-blue-400"
            data-slot-day="F"
            data-slot-hour="8"
            role="button"
            style="height: 120px;"
            tabindex="0"
          />
          <div
            aria-label="Add class at Friday 9 AM"
            class="border-b border-border-subtle focus:outline-none focus-visible:ring-2 focus-visible:ring-inset focus-visible:ring-blue-400"
            data-slot-day="F"
            data-slot-hour="9"
            role="button"
            style="height: 120px;"
            tabindex="0"
          />
          <div
            aria-label="Add class at Friday 10 AM"
            class="border-b border-border-subtle focus:outline-none focus-visible:ring-2 focus-visible:ring-inset focus-visible:ring-blue-400"
            data-slot-day="F"
            data-slot-hour="10"
            role="button"
            style="height: 120px;"
            tabindex="0"
          />
          <div
            aria-label="Add class at Friday 11 AM"
            class="border-b border-border-subtle focus:outline-none focus-visible:ring-2 focus-visible:ring-inset focus-visible:ring-blue-400"
            data-slot-day="F"
            data-slot-hour="11"
            role="button"
            style="height: 120px;"
            tabindex="0"
          />
          <div
            aria-label="Add class at Friday 12 PM"
            class="border-b border-border-subtle focus:outline-none focus-visible:ring-2 focus-visible:ring-inset focus-visible:ring-blue-400"
            data-slot-day="F"
            data-slot-hour="12"
            role="button"
            style="height: 120px;"
            tabindex="0"
          />
          <div
            aria-label="Add class at Friday 1 PM"
            class="border-b border-border-subtle focus:outline-none focus-visible:ring-2 focus-visible:ring-inset focus-visible:ring-blue-400"
            data-slot-day="F"
            data-slot-hour="13"
            role="button"
            style="height: 120px;"
            tabindex="0"
          />
          <div
            aria-label="Add class at Friday 2 PM"
            class="border-b border-border-subtle focus:outline-none focus-visible:ring-2 focus-visible:ring-inset focus-visible:ring-blue-400"
            data-slot-day="F"
            data-slot-hour="14"
            role="button"
            style="height: 120px;"
            tabindex="0"
          />
          <div
            aria-label="Add class at Friday 3 PM"
            class="border-b border-border-subtle focus:outline-none focus-visible:ring-2 focus-visible:ring-inset focus-visible:ring-blue-400"
            data-slot-day="F"
            data-slot-hour="15"
            role="button"
            style="height: 120px;"
            tabindex="0"
          />
          <div
            aria-label="Add class at Friday 4 PM"
            class="border-b border-border-subtle focus:outline-none focus-visible:ring-2 focus-visible:ring-inset focus-visible:ring-blue-400"
            data-slot-day="F"
            data-slot-hour="16"
            role="button"
            style="height: 120px;"
            tabindex="0"
          />
          <div
            aria-label="Add class at Friday 5 PM"
            class="border-b border-border-subtle focus:outline-none focus-visible:ring-2 focus-visible:ring-inset focus-visible:ring-blue-400"
            data-slot-day="F"
            data-slot-hour="17"
            role="button"
            style="height: 120px;"
            tabindex="0"
          />
          <div
            aria-label="Add class at Friday 6 PM"
            class="border-b border-border-subtle focus:outline-none focus-visible:ring-2 focus-visible:ring-inset focus-visible:ring-blue-400"
            data-slot-day="F"
            data-slot-hour="18"
            role="button"
            style="height: 120px;"
            tabindex="0"
          />
          <div
            aria-label="Add class at Friday 7 PM"
            class="border-b border-border-subtle focus:outline-none focus-visible:ring-2 focus-visible:ring-inset focus-visible:ring-blue-400"
            data-slot-day="F"
            data-slot-hour="19"
            role="button"
            style="height: 120px;"
            tabindex="0"
          />
          <div
            aria-label="Add class at Friday 8 PM"
            class="border-b border-border-subtle focus:outline-none focus-visible:ring-2 focus-visible:ring-inset focus-visible:ring-blue-400"
            data-slot-day="F"
            data-slot-hour="20"
            role="button"
            style="height: 120px;"
            tabindex="0"
          />
          <div
            aria-label="Add class at Friday 9 PM"
            class="border-b border-border-subtle focus:outline-none focus-visible:ring-2 focus-visible:ring-inset focus-visible:ring-blue-400"
            data-slot-day="F"
            data-slot-hour="21"
            role="button"
            style="height: 120px;"
            tabindex="0"
          />
          <div
            aria-label="Add class at Friday 10 PM"
            class="border-b border-border-subtle focus:outline-none focus-visible:ring-2 focus-visible:ring-inset focus-visible:ring-blue-400"
            data-slot-day="F"
            data-slot-hour="22"
            role="button"
            style="height: 120px;"
            tabindex="0"
          />
          <div
            class="absolute inset-x-1 rounded-lg border shadow-sm p-2 overflow-hidden hover:z-10 hover:shadow-md transition-all group select-none cursor-pointer focus:outline-none focus-visible:ring-2 focus-visible:ring-blue-500"
            style="top: 240px; height: 100px; background-color: rgb(59, 130, 246); border-color: rgb(59, 130, 246);"
            tabindex="0"
          >
            <button
              aria-label="Remove CS 101-01 from schedule"
              class="absolute top-1 right-1 opacity-0 group-hover:opacity-100 p-1 hover:bg-black/5 rounded-full text-slate-600 transition-all cursor-pointer z-20"
            >
              <span
                class="w-3.5 h-3.5"
                data-icon="FiX"
              />
            </button>
            <div
              class="flex flex-col justify-center items-center h-full gap-0.5 text-center min-w-0 overflow-hidden"
            >
              <span
                class="font-bold text-sm leading-tight truncate w-full text-slate-900"
              >
                CS 101-01
              </span>
              <div
                class="text-xs font-medium leading-tight truncate w-full text-slate-700"
              >
                9:00 AM
                 - 
                9:50 AM
              </div>
              <div
                class="text-xs truncate w-full px-1 text-slate-600"
              >
                SCI 200
              </div>
            </div>
          </div>
        </div>
      </div>
    </div>
  </div>
  <div
    data-testid="class-details-modal"
  />
</div>
`;
